// Vitest Snapshot v1, https://vitest.dev/guide/snapshot.html

exports[`Pill.svelte > should render component 1`] = `
<body>
  <div>
    <div
      class="rounded-full bg-gray-200 px-2 dark:bg-black "
    >
      <span
        class="text-gray-600 dark:text-yellow-300"
      >
        test Pill component
      </span>
    </div>
    <!--&lt;Pill&gt;-->
  </div>
</body>
`;
